[     433ms] [LOG] [Fast Refresh] rebuilding @ http://localhost:3000/_next/static/chunks/1g_p_next_dist_18_6z9s._.js:2489
[    2036ms] [LOG] [Fast Refresh] done in 1710ms @ http://localhost:3000/_next/static/chunks/1g_p_next_dist_18_6z9s._.js:2489
[    3283ms] [INFO] %cDownload the React DevTools for a better development experience: https://react.dev/link/react-devtools font-weight:bold @ http://localhost:3000/_next/static/chunks/1g_p_next_dist_18_6z9s._.js:2489
[    3346ms] [LOG] [HMR] connected @ http://localhost:3000/_next/static/chunks/1g_p_next_dist_18_6z9s._.js:2489
[    3986ms] [INFO] Banner not shown: beforeinstallpromptevent.preventDefault() called. The page must call beforeinstallpromptevent.prompt() to show the banner. @ http://localhost:3000/admin/comercios/8:0
[    6935ms] [WARNING] The resource http://localhost:3000/_next/static/chunks/src_components_ui_02awvav._.css was preloaded using link preload but not used within a few seconds from the window's load event. Please make sure it has an appropriate `as` value and it is preloaded intentionally. @ http://localhost:3000/admin/comercios/8:0
[    8512ms] [LOG] [Fast Refresh] rebuilding @ http://localhost:3000/_next/static/chunks/1g_p_next_dist_18_6z9s._.js:2489
[   10016ms] [LOG] [Fast Refresh] done in 1607ms @ http://localhost:3000/_next/static/chunks/1g_p_next_dist_18_6z9s._.js:2489
[   13910ms] [WARNING] The resource http://localhost:3000/_next/static/chunks/src_components_ui_02awvav._.css was preloaded using link preload but not used within a few seconds from the window's load event. Please make sure it has an appropriate `as` value and it is preloaded intentionally. @ http://localhost:3000/admin/comercios/8/sucursales/nueva:0
[   26410ms] [LOG] [Fast Refresh] rebuilding @ http://localhost:3000/_next/static/chunks/1g_p_next_dist_18_6z9s._.js:2489
[   27507ms] [LOG] [Fast Refresh] done in 1199ms @ http://localhost:3000/_next/static/chunks/1g_p_next_dist_18_6z9s._.js:2489
[   28587ms] [LOG] [Fast Refresh] rebuilding @ http://localhost:3000/_next/static/chunks/1g_p_next_dist_18_6z9s._.js:2489
[   29518ms] [WARNING] The resource http://localhost:3000/_next/static/chunks/src_components_ui_02awvav._.css was preloaded using link preload but not used within a few seconds from the window's load event. Please make sure it has an appropriate `as` value and it is preloaded intentionally. @ http://localhost:3000/admin/comercios/8/sucursales/nueva:0
[   29866ms] [LOG] [Fast Refresh] done in 1385ms @ http://localhost:3000/_next/static/chunks/1g_p_next_dist_18_6z9s._.js:2489
[   29995ms] [LOG] [Fast Refresh] rebuilding @ http://localhost:3000/_next/static/chunks/1g_p_next_dist_18_6z9s._.js:2489
[   31099ms] [LOG] [Fast Refresh] done in 1206ms @ http://localhost:3000/_next/static/chunks/1g_p_next_dist_18_6z9s._.js:2489
[   32646ms] [INFO] Banner not shown: beforeinstallpromptevent.preventDefault() called. The page must call beforeinstallpromptevent.prompt() to show the banner. @ http://localhost:3000/admin/comercios/8:0
[   32858ms] [LOG] [Fast Refresh] rebuilding @ http://localhost:3000/_next/static/chunks/1g_p_next_dist_18_6z9s._.js:2489
[   33819ms] [LOG] [Fast Refresh] done in 1069ms @ http://localhost:3000/_next/static/chunks/1g_p_next_dist_18_6z9s._.js:2489
[   36851ms] [WARNING] The resource http://localhost:3000/_next/static/chunks/src_components_ui_02awvav._.css was preloaded using link preload but not used within a few seconds from the window's load event. Please make sure it has an appropriate `as` value and it is preloaded intentionally. @ http://localhost:3000/admin/comercios/8:0
[   60514ms] [LOG] [Fast Refresh] rebuilding @ http://localhost:3000/_next/static/chunks/1g_p_next_dist_18_6z9s._.js:2489
[   62974ms] [LOG] [Fast Refresh] done in 2562ms @ http://localhost:3000/_next/static/chunks/1g_p_next_dist_18_6z9s._.js:2489
[   63615ms] [WARNING] The resource http://localhost:3000/_next/static/chunks/src_components_ui_02awvav._.css was preloaded using link preload but not used within a few seconds from the window's load event. Please make sure it has an appropriate `as` value and it is preloaded intentionally. @ http://localhost:3000/admin/comercios/8:0
[   65034ms] [LOG] [Fast Refresh] rebuilding @ http://localhost:3000/_next/static/chunks/1g_p_next_dist_18_6z9s._.js:2489
[   65058ms] [LOG] [Fast Refresh] done in 125ms @ http://localhost:3000/_next/static/chunks/1g_p_next_dist_18_6z9s._.js:2489
[   68029ms] [WARNING] The resource http://localhost:3000/_next/static/chunks/src_components_ui_02awvav._.css was preloaded using link preload but not used within a few seconds from the window's load event. Please make sure it has an appropriate `as` value and it is preloaded intentionally. @ http://localhost:3000/admin/comercios/8/editar:0
[   69670ms] [LOG] [Fast Refresh] rebuilding @ http://localhost:3000/_next/static/chunks/1g_p_next_dist_18_6z9s._.js:2489
[   70602ms] [LOG] [Fast Refresh] done in 1036ms @ http://localhost:3000/_next/static/chunks/1g_p_next_dist_18_6z9s._.js:2489
[   71646ms] [LOG] [Fast Refresh] rebuilding @ http://localhost:3000/_next/static/chunks/1g_p_next_dist_18_6z9s._.js:2489
[   72583ms] [LOG] [Fast Refresh] done in 1043ms @ http://localhost:3000/_next/static/chunks/1g_p_next_dist_18_6z9s._.js:2489
[   72738ms] [LOG] [Fast Refresh] rebuilding @ http://localhost:3000/_next/static/chunks/1g_p_next_dist_18_6z9s._.js:2489
[   73848ms] [LOG] [Fast Refresh] done in 1216ms @ http://localhost:3000/_next/static/chunks/1g_p_next_dist_18_6z9s._.js:2489
[   75572ms] [INFO] Banner not shown: beforeinstallpromptevent.preventDefault() called. The page must call beforeinstallpromptevent.prompt() to show the banner. @ http://localhost:3000/admin/comercios/8:0
[   75731ms] [LOG] [Fast Refresh] rebuilding @ http://localhost:3000/_next/static/chunks/1g_p_next_dist_18_6z9s._.js:2489
[   76695ms] [LOG] [Fast Refresh] done in 1065ms @ http://localhost:3000/_next/static/chunks/1g_p_next_dist_18_6z9s._.js:2489
[   79709ms] [WARNING] The resource http://localhost:3000/_next/static/chunks/src_components_ui_02awvav._.css was preloaded using link preload but not used within a few seconds from the window's load event. Please make sure it has an appropriate `as` value and it is preloaded intentionally. @ http://localhost:3000/admin/comercios/8:0
[  219540ms] [ERROR] WebSocket connection to 'ws://localhost:3000/_next/webpack-hmr?id=B8s8TdVUA9P7hPywIFS6y' failed: Error in connection establishment: net::ERR_CONNECTION_REFUSED @ http://localhost:3000/_next/static/chunks/1g_p_next_dist_client_0_lbjn9._.js:13422
[  222912ms] [ERROR] WebSocket connection to 'ws://localhost:3000/_next/webpack-hmr?id=B8s8TdVUA9P7hPywIFS6y' failed: Error in connection establishment: net::ERR_CONNECTION_REFUSED @ http://localhost:3000/_next/static/chunks/1g_p_next_dist_client_0_lbjn9._.js:13422
[  226248ms] [ERROR] WebSocket connection to 'ws://localhost:3000/_next/webpack-hmr?id=B8s8TdVUA9P7hPywIFS6y' failed: Error in connection establishment: net::ERR_CONNECTION_REFUSED @ http://localhost:3000/_next/static/chunks/1g_p_next_dist_client_0_lbjn9._.js:13422
[  229632ms] [ERROR] WebSocket connection to 'ws://localhost:3000/_next/webpack-hmr?id=B8s8TdVUA9P7hPywIFS6y' failed: Error in connection establishment: net::ERR_CONNECTION_REFUSED @ http://localhost:3000/_next/static/chunks/1g_p_next_dist_client_0_lbjn9._.js:13422
[  232995ms] [ERROR] WebSocket connection to 'ws://localhost:3000/_next/webpack-hmr?id=B8s8TdVUA9P7hPywIFS6y' failed: Error in connection establishment: net::ERR_CONNECTION_REFUSED @ http://localhost:3000/_next/static/chunks/1g_p_next_dist_client_0_lbjn9._.js:13422
[  240390ms] [ERROR] WebSocket connection to 'ws://localhost:3000/_next/webpack-hmr?id=B8s8TdVUA9P7hPywIFS6y' failed: Error in connection establishment: net::ERR_CONNECTION_REFUSED @ http://localhost:3000/_next/static/chunks/1g_p_next_dist_client_0_lbjn9._.js:13422
[  247763ms] [ERROR] WebSocket connection to 'ws://localhost:3000/_next/webpack-hmr?id=B8s8TdVUA9P7hPywIFS6y' failed: Error in connection establishment: net::ERR_CONNECTION_REFUSED @ http://localhost:3000/_next/static/chunks/1g_p_next_dist_client_0_lbjn9._.js:13422
[  255149ms] [ERROR] WebSocket connection to 'ws://localhost:3000/_next/webpack-hmr?id=B8s8TdVUA9P7hPywIFS6y' failed: Error in connection establishment: net::ERR_CONNECTION_REFUSED @ http://localhost:3000/_next/static/chunks/1g_p_next_dist_client_0_lbjn9._.js:13422
[  262545ms] [ERROR] WebSocket connection to 'ws://localhost:3000/_next/webpack-hmr?id=B8s8TdVUA9P7hPywIFS6y' failed: Error in connection establishment: net::ERR_CONNECTION_REFUSED @ http://localhost:3000/_next/static/chunks/1g_p_next_dist_client_0_lbjn9._.js:13422
[  269946ms] [ERROR] WebSocket connection to 'ws://localhost:3000/_next/webpack-hmr?id=B8s8TdVUA9P7hPywIFS6y' failed: Error in connection establishment: net::ERR_CONNECTION_REFUSED @ http://localhost:3000/_next/static/chunks/1g_p_next_dist_client_0_lbjn9._.js:13422
[  277351ms] [ERROR] WebSocket connection to 'ws://localhost:3000/_next/webpack-hmr?id=B8s8TdVUA9P7hPywIFS6y' failed: Error in connection establishment: net::ERR_CONNECTION_REFUSED @ http://localhost:3000/_next/static/chunks/1g_p_next_dist_client_0_lbjn9._.js:13422
[  284797ms] [ERROR] WebSocket connection to 'ws://localhost:3000/_next/webpack-hmr?id=B8s8TdVUA9P7hPywIFS6y' failed: Error in connection establishment: net::ERR_CONNECTION_REFUSED @ http://localhost:3000/_next/static/chunks/1g_p_next_dist_client_0_lbjn9._.js:13422
