[     332ms] [LOG] [Fast Refresh] rebuilding @ http://localhost:3000/_next/static/chunks/1g_p_next_dist_18_6z9s._.js:2489
[    2310ms] [LOG] [Fast Refresh] done in 2081ms @ http://localhost:3000/_next/static/chunks/1g_p_next_dist_18_6z9s._.js:2489
[    3649ms] [WARNING] The resource http://localhost:3000/_next/static/chunks/src_components_ui_02awvav._.css was preloaded using link preload but not used within a few seconds from the window's load event. Please make sure it has an appropriate `as` value and it is preloaded intentionally. @ http://localhost:3000/admin/miembros:0
[    4173ms] [INFO] %cDownload the React DevTools for a better development experience: https://react.dev/link/react-devtools font-weight:bold @ http://localhost:3000/_next/static/chunks/1g_p_next_dist_18_6z9s._.js:2489
[    4240ms] [LOG] [HMR] connected @ http://localhost:3000/_next/static/chunks/1g_p_next_dist_18_6z9s._.js:2489
[    4585ms] [LOG] [Fast Refresh] rebuilding @ http://localhost:3000/_next/static/chunks/1g_p_next_dist_18_6z9s._.js:2489
[    4595ms] [LOG] [Fast Refresh] done in 143ms @ http://localhost:3000/_next/static/chunks/1g_p_next_dist_18_6z9s._.js:2489
[    5226ms] [INFO] Banner not shown: beforeinstallpromptevent.preventDefault() called. The page must call beforeinstallpromptevent.prompt() to show the banner. @ http://localhost:3000/admin/comercios/8:0
[    8172ms] [WARNING] The resource http://localhost:3000/_next/static/chunks/src_components_ui_02awvav._.css was preloaded using link preload but not used within a few seconds from the window's load event. Please make sure it has an appropriate `as` value and it is preloaded intentionally. @ http://localhost:3000/admin/comercios/8:0
[    9824ms] [LOG] [Fast Refresh] rebuilding @ http://localhost:3000/_next/static/chunks/1g_p_next_dist_18_6z9s._.js:2489
[   11068ms] [LOG] [Fast Refresh] done in 1323ms @ http://localhost:3000/_next/static/chunks/1g_p_next_dist_18_6z9s._.js:2489
[   11170ms] [LOG] [Fast Refresh] rebuilding @ http://localhost:3000/_next/static/chunks/1g_p_next_dist_18_6z9s._.js:2489
[   12453ms] [LOG] [Fast Refresh] done in 1384ms @ http://localhost:3000/_next/static/chunks/1g_p_next_dist_18_6z9s._.js:2489
[   12953ms] [WARNING] The resource http://localhost:3000/_next/static/chunks/src_components_ui_02awvav._.css was preloaded using link preload but not used within a few seconds from the window's load event. Please make sure it has an appropriate `as` value and it is preloaded intentionally. @ http://localhost:3000/admin/comercios/8:0
[   13877ms] [LOG] [Fast Refresh] rebuilding @ http://localhost:3000/_next/static/chunks/1g_p_next_dist_18_6z9s._.js:2489
[   15093ms] [LOG] [Fast Refresh] done in 1317ms @ http://localhost:3000/_next/static/chunks/1g_p_next_dist_18_6z9s._.js:2489
[   15276ms] [LOG] [Fast Refresh] rebuilding @ http://localhost:3000/_next/static/chunks/1g_p_next_dist_18_6z9s._.js:2489
[   16402ms] [LOG] [Fast Refresh] done in 1232ms @ http://localhost:3000/_next/static/chunks/1g_p_next_dist_18_6z9s._.js:2489
[   16966ms] [INFO] Banner not shown: beforeinstallpromptevent.preventDefault() called. The page must call beforeinstallpromptevent.prompt() to show the banner. @ http://localhost:3000/admin/comercios/8/sucursales/nueva:0
[   20436ms] [WARNING] The resource http://localhost:3000/_next/static/chunks/src_components_ui_02awvav._.css was preloaded using link preload but not used within a few seconds from the window's load event. Please make sure it has an appropriate `as` value and it is preloaded intentionally. @ http://localhost:3000/admin/comercios/8/sucursales/nueva:0
[   30650ms] [LOG] [Fast Refresh] rebuilding @ http://localhost:3000/_next/static/chunks/1g_p_next_dist_18_6z9s._.js:2489
[   31655ms] [LOG] [Fast Refresh] done in 1107ms @ http://localhost:3000/_next/static/chunks/1g_p_next_dist_18_6z9s._.js:2489
[   32817ms] [LOG] [Fast Refresh] rebuilding @ http://localhost:3000/_next/static/chunks/1g_p_next_dist_18_6z9s._.js:2489
[   33657ms] [WARNING] The resource http://localhost:3000/_next/static/chunks/src_components_ui_02awvav._.css was preloaded using link preload but not used within a few seconds from the window's load event. Please make sure it has an appropriate `as` value and it is preloaded intentionally. @ http://localhost:3000/admin/comercios/8/sucursales/nueva:0
[   33763ms] [LOG] [Fast Refresh] done in 1050ms @ http://localhost:3000/_next/static/chunks/1g_p_next_dist_18_6z9s._.js:2489
[   33959ms] [LOG] [Fast Refresh] rebuilding @ http://localhost:3000/_next/static/chunks/1g_p_next_dist_18_6z9s._.js:2489
[   34941ms] [LOG] [Fast Refresh] done in 1089ms @ http://localhost:3000/_next/static/chunks/1g_p_next_dist_18_6z9s._.js:2489
[   37100ms] [INFO] %cDownload the React DevTools for a better development experience: https://react.dev/link/react-devtools font-weight:bold @ http://localhost:3000/_next/static/chunks/1g_p_next_dist_18_6z9s._.js:2489
[   37224ms] [LOG] [HMR] connected @ http://localhost:3000/_next/static/chunks/1g_p_next_dist_18_6z9s._.js:2489
[   37341ms] [INFO] Banner not shown: beforeinstallpromptevent.preventDefault() called. The page must call beforeinstallpromptevent.prompt() to show the banner. @ http://localhost:3000/admin/miembros:0
[   40329ms] [WARNING] The resource http://localhost:3000/_next/static/chunks/src_components_ui_02awvav._.css was preloaded using link preload but not used within a few seconds from the window's load event. Please make sure it has an appropriate `as` value and it is preloaded intentionally. @ http://localhost:3000/admin/miembros:0
[   65593ms] [LOG] [Fast Refresh] rebuilding @ http://localhost:3000/_next/static/chunks/1g_p_next_dist_18_6z9s._.js:2489
[   65698ms] [LOG] [Fast Refresh] done in 184ms @ http://localhost:3000/_next/static/chunks/1g_p_next_dist_18_6z9s._.js:2489
[   66092ms] [LOG] [Fast Refresh] rebuilding @ http://localhost:3000/_next/static/chunks/1g_p_next_dist_18_6z9s._.js:2489
[   66321ms] [LOG] [Fast Refresh] done in 333ms @ http://localhost:3000/_next/static/chunks/1g_p_next_dist_18_6z9s._.js:2489
[   66617ms] [LOG] [Fast Refresh] rebuilding @ http://localhost:3000/_next/static/chunks/1g_p_next_dist_18_6z9s._.js:2489
[   66619ms] [LOG] [Fast Refresh] done in 102ms @ http://localhost:3000/_next/static/chunks/1g_p_next_dist_18_6z9s._.js:2489
[   66901ms] [LOG] [Fast Refresh] rebuilding @ http://localhost:3000/_next/static/chunks/1g_p_next_dist_18_6z9s._.js:2489
[   66929ms] [LOG] [Fast Refresh] done in 128ms @ http://localhost:3000/_next/static/chunks/1g_p_next_dist_18_6z9s._.js:2489
[   67184ms] [LOG] [Fast Refresh] rebuilding @ http://localhost:3000/_next/static/chunks/1g_p_next_dist_18_6z9s._.js:2489
[   67218ms] [LOG] [Fast Refresh] done in 134ms @ http://localhost:3000/_next/static/chunks/1g_p_next_dist_18_6z9s._.js:2489
[   67591ms] [INFO] Banner not shown: beforeinstallpromptevent.preventDefault() called. The page must call beforeinstallpromptevent.prompt() to show the banner. @ http://localhost:3000/admin/miembros:0
[   70593ms] [WARNING] The resource http://localhost:3000/_next/static/chunks/src_components_ui_02awvav._.css was preloaded using link preload but not used within a few seconds from the window's load event. Please make sure it has an appropriate `as` value and it is preloaded intentionally. @ http://localhost:3000/admin/miembros:0
[   74142ms] [LOG] [Fast Refresh] rebuilding @ http://localhost:3000/_next/static/chunks/1g_p_next_dist_18_6z9s._.js:2489
[   74234ms] [LOG] [Fast Refresh] done in 149ms @ http://localhost:3000/_next/static/chunks/1g_p_next_dist_18_6z9s._.js:2489
[   74566ms] [LOG] [Fast Refresh] rebuilding @ http://localhost:3000/_next/static/chunks/1g_p_next_dist_18_6z9s._.js:2489
[   74821ms] [LOG] [Fast Refresh] done in 360ms @ http://localhost:3000/_next/static/chunks/1g_p_next_dist_18_6z9s._.js:2489
[   75141ms] [LOG] [Fast Refresh] rebuilding @ http://localhost:3000/_next/static/chunks/1g_p_next_dist_18_6z9s._.js:2489
[   75167ms] [LOG] [Fast Refresh] done in 129ms @ http://localhost:3000/_next/static/chunks/1g_p_next_dist_18_6z9s._.js:2489
[   75674ms] [LOG] [Fast Refresh] rebuilding @ http://localhost:3000/_next/static/chunks/1g_p_next_dist_18_6z9s._.js:2489
[   75713ms] [LOG] [Fast Refresh] done in 142ms @ http://localhost:3000/_next/static/chunks/1g_p_next_dist_18_6z9s._.js:2489
[   76038ms] [INFO] Banner not shown: beforeinstallpromptevent.preventDefault() called. The page must call beforeinstallpromptevent.prompt() to show the banner. @ http://localhost:3000/admin/miembros:0
[   79039ms] [WARNING] The resource http://localhost:3000/_next/static/chunks/src_components_ui_02awvav._.css was preloaded using link preload but not used within a few seconds from the window's load event. Please make sure it has an appropriate `as` value and it is preloaded intentionally. @ http://localhost:3000/admin/miembros:0
